#
# There is insufficient memory for the Java Runtime Environment to continue.
# Native memory allocation (mmap) failed to map 402653184 bytes. Error detail: G1 virtual space
# Possible reasons:
#   The system is out of physical RAM or swap space
#   This process is running with CompressedOops enabled, and the Java Heap may be blocking the growth of the native heap
# Possible solutions:
#   Reduce memory load on the system
#   Increase physical memory or swap space
#   Check if swap backing store is full
#   Decrease Java heap size (-Xmx/-Xms)
#   Decrease number of Java threads
#   Decrease Java thread stack sizes (-Xss)
#   Set larger code cache with -XX:ReservedCodeCacheSize=
#   JVM is running with Zero Based Compressed Oops mode in which the Java heap is
#     placed in the first 32GB address space. The Java Heap base address is the
#     maximum limit for the native heap growth. Please use -XX:HeapBaseMinAddress
#     to set the Java Heap base and to place the Java Heap above 32GB virtual address.
# This output file may be truncated or incomplete.
#
#  Out of Memory Error (os_windows.cpp:3926), pid=19560, tid=31216
#
# JRE version:  (21.0.10) (build )
# Java VM: OpenJDK 64-Bit Server VM (21.0.10+-14961533-b1163.108, mixed mode, sharing, tiered, compressed oops, compressed class ptrs, g1 gc, windows-amd64)
# No core dump will be written. Minidumps are not enabled by default on client versions of Windows
#

---------------  S U M M A R Y ------------

Command Line: git4idea.http.GitAskPassApp Username for 'https://github.com': 

Host: Intel(R) Core(TM) i5-8350U CPU @ 1.70GHz, 8 cores, 23G,  Windows 11 , 64 bit Build 26100 (10.0.26100.8875)
Time: Mon Aug 10 11:37:36 2026 Pakistan Standard Time elapsed time: 1.468012 seconds (0d 0h 0m 1s)

---------------  T H R E A D  ---------------

Current thread (0x00000172c9ce9650):  JavaThread "Unknown thread" [_thread_in_vm, id=31216, stack(0x0000006f33a00000,0x0000006f33b00000) (1024K)]

Stack: [0x0000006f33a00000,0x0000006f33b00000]
Native frames: (J=compiled Java code, j=interpreted, Vv=VM code, C=native code)
V  [jvm.dll+0x6d78a9]
V  [jvm.dll+0x8665b3]
V  [jvm.dll+0x868bde]
V  [jvm.dll+0x8692c3]
V  [jvm.dll+0x280ee6]
V  [jvm.dll+0x6d4165]
V  [jvm.dll+0x6c77fa]
V  [jvm.dll+0x358f4b]
V  [jvm.dll+0x360bc6]
V  [jvm.dll+0x3b2ea6]
V  [jvm.dll+0x3b3178]
V  [jvm.dll+0x32b65c]
V  [jvm.dll+0x32c34b]
V  [jvm.dll+0x82f449]
V  [jvm.dll+0x3c0078]
V  [jvm.dll+0x8185e8]
V  [jvm.dll+0x45449e]
V  [jvm.dll+0x455c01]
C  [jli.dll+0x52ab]
C  [ucrtbase.dll+0x2cd30]
C  [KERNEL32.DLL+0x2e957]
C  [ntdll.dll+0xaad6c]


---------------  P R O C E S S  ---------------

Threads class SMR info:
_java_thread_list=0x00007ffc4922b9c8, length=0, elements={
}

Java Threads: ( => current thread )
Total: 0

Other Threads:
  0x00000172c9d6bef0 WorkerThread "GC Thread#0"                     [id=16300, stack(0x0000006f33b00000,0x0000006f33c00000) (1024K)]
  0x00000172c9d79b00 ConcurrentGCThread "G1 Main Marker"            [id=41880, stack(0x0000006f33c00000,0x0000006f33d00000) (1024K)]
  0x00000172c9d7a520 WorkerThread "G1 Conc#0"                       [id=10512, stack(0x0000006f33d00000,0x0000006f33e00000) (1024K)]

[error occurred during error reporting (printing all threads), id 0xc0000005, EXCEPTION_ACCESS_VIOLATION (0xc0000005) at pc=0x00007ffc48a1e637]
VM state: not at safepoint (not fully initialized)

VM Mutex/Monitor currently owned by a thread:  ([mutex/lock_event])
[0x00007ffc492987d0] Heap_lock - owner thread: 0x00000172c9ce9650

Heap address: 0x0000000682400000, size: 6108 MB, Compressed Oops mode: Zero based, Oop shift amount: 3

CDS archive(s) mapped at: [0x0000000000000000-0x0000000000000000-0x0000000000000000), size 0, SharedBaseAddress: 0x0000000800000000, ArchiveRelocationMode: 1.
Narrow klass base: 0x0000000000000000, Narrow klass shift: 0, Narrow klass range: 0x0

GC Precious Log:
 CardTable entry size: 512
 Card Set container configuration: InlinePtr #cards 4 size 8 Array Of Cards #cards 32 size 80 Howl #buckets 8 coarsen threshold 7372 Howl Bitmap #cards 1024 size 144 coarsen threshold 921 Card regions per heap region 1 cards per card region 8192

Heap:
 garbage-first heap   total 0K, used 0K [0x0000000682400000, 0x0000000800000000)
  region size 4096K, 0 young (0K), 0 survivors (0K)
 Metaspace       used 0K, committed 0K, reserved 0K
  class space    used 0K, committed 0K, reserved 0K

Heap Regions: E=young(eden), S=young(survivor), O=old, HS=humongous(starts), HC=humongous(continues), CS=collection set, F=free, TAMS=top-at-mark-start, PB=parsable bottom

Card table byte_map: [0x00000172dcd70000,0x00000172dd960000] _byte_map_base: 0x00000172d995e000

Marking Bits: (CMBitMap*) 0x00000172c9d6c510
 Bits: [0x00000172dd960000, 0x00000172e38d0000)

GC Heap History (0 events):
No events

Dll operation events (1 events):
Event: 0.015 Loaded shared library F:\AndroidStudioUpdated\jbr\bin\java.dll

Deoptimization events (0 events):
No events

Classes loaded (0 events):
No events

Classes unloaded (0 events):
No events

Classes redefined (0 events):
No events

Internal exceptions (0 events):
No events

ZGC Phase Switch (0 events):
No events

VM Operations (0 events):
No events

Memory protections (0 events):
No events

Nmethod flushes (0 events):
No events

Events (0 events):
No events


Dynamic libraries:
0x00007ff695ab0000 - 0x00007ff695aba000 	F:\AndroidStudioUpdated\jbr\bin\java.exe
0x00007ffd2d680000 - 0x00007ffd2d8e6000 	C:\WINDOWS\SYSTEM32\ntdll.dll
0x00007ffd2c020000 - 0x00007ffd2c0e9000 	C:\WINDOWS\System32\KERNEL32.DLL
0x00007ffd2aba0000 - 0x00007ffd2af9e000 	C:\WINDOWS\System32\KERNELBASE.dll
0x00007ffd2b0e0000 - 0x00007ffd2b22c000 	C:\WINDOWS\System32\ucrtbase.dll
0x00007ffd119c0000 - 0x00007ffd119db000 	F:\AndroidStudioUpdated\jbr\bin\VCRUNTIME140.dll
0x00007ffd00480000 - 0x00007ffd00498000 	F:\AndroidStudioUpdated\jbr\bin\jli.dll
0x00007ffd2cb40000 - 0x00007ffd2cd07000 	C:\WINDOWS\System32\USER32.dll
0x00007ffd2a8a0000 - 0x00007ffd2a8c7000 	C:\WINDOWS\System32\win32u.dll
0x00007ffd0c860000 - 0x00007ffd0caf2000 	C:\WINDOWS\WinSxS\amd64_microsoft.windows.common-controls_6595b64144ccf1df_6.0.26100.8875_none_3e0d5d42e32fe9dd\COMCTL32.dll
0x00007ffd2cd10000 - 0x00007ffd2cd3b000 	C:\WINDOWS\System32\GDI32.dll
0x00007ffd2bf70000 - 0x00007ffd2c019000 	C:\WINDOWS\System32\msvcrt.dll
0x00007ffd2afb0000 - 0x00007ffd2b0da000 	C:\WINDOWS\System32\gdi32full.dll
0x00007ffd2b300000 - 0x00007ffd2b3a3000 	C:\WINDOWS\System32\msvcp_win.dll
0x00007ffd2bf30000 - 0x00007ffd2bf62000 	C:\WINDOWS\System32\IMM32.DLL
0x00007ffd252b0000 - 0x00007ffd252bc000 	F:\AndroidStudioUpdated\jbr\bin\vcruntime140_1.dll
0x00007ffcba9f0000 - 0x00007ffcbaa7d000 	F:\AndroidStudioUpdated\jbr\bin\msvcp140.dll
0x00007ffc486e0000 - 0x00007ffc49376000 	F:\AndroidStudioUpdated\jbr\bin\server\jvm.dll
0x00007ffd2b3b0000 - 0x00007ffd2b467000 	C:\WINDOWS\System32\ADVAPI32.dll
0x00007ffd2bda0000 - 0x00007ffd2be4a000 	C:\WINDOWS\System32\sechost.dll
0x00007ffd2cf90000 - 0x00007ffd2d0a8000 	C:\WINDOWS\System32\RPCRT4.dll
0x00007ffd2cab0000 - 0x00007ffd2cb30000 	C:\WINDOWS\System32\WS2_32.dll
0x00007ffd15c30000 - 0x00007ffd15c3b000 	C:\WINDOWS\SYSTEM32\VERSION.dll
0x00007ffd2a700000 - 0x00007ffd2a75e000 	C:\WINDOWS\SYSTEM32\POWRPROF.dll
0x00007ffd11a70000 - 0x00007ffd11aa6000 	C:\WINDOWS\SYSTEM32\WINMM.dll
0x00007ffd2a6e0000 - 0x00007ffd2a6f4000 	C:\WINDOWS\SYSTEM32\UMPDC.dll
0x00007ffd29540000 - 0x00007ffd2955b000 	C:\WINDOWS\SYSTEM32\kernel.appcore.dll
0x00007ffd19200000 - 0x00007ffd1920a000 	F:\AndroidStudioUpdated\jbr\bin\jimage.dll
0x00007ffd27ff0000 - 0x00007ffd28232000 	C:\WINDOWS\SYSTEM32\DBGHELP.DLL
0x00007ffd2d260000 - 0x00007ffd2d5e3000 	C:\WINDOWS\System32\combase.dll
0x00007ffd2be50000 - 0x00007ffd2bf29000 	C:\WINDOWS\System32\OLEAUT32.dll
0x00007ffd10f70000 - 0x00007ffd10fab000 	C:\WINDOWS\SYSTEM32\dbgcore.DLL
0x00007ffd2aae0000 - 0x00007ffd2ab8c000 	C:\WINDOWS\System32\bcryptPrimitives.dll
0x00007ffd0cc50000 - 0x00007ffd0cc70000 	F:\AndroidStudioUpdated\jbr\bin\java.dll

JVMTI agents: none

dbghelp: loaded successfully - version: 4.0.5 - missing functions: none
symbol engine: initialized successfully - sym options: 0x614 - pdb path: .;F:\AndroidStudioUpdated\jbr\bin;C:\WINDOWS\SYSTEM32;C:\WINDOWS\WinSxS\amd64_microsoft.windows.common-controls_6595b64144ccf1df_6.0.26100.8875_none_3e0d5d42e32fe9dd;F:\AndroidStudioUpdated\jbr\bin\server

VM Arguments:
java_command: git4idea.http.GitAskPassApp Username for 'https://github.com': 
java_class_path (initial): F:/AndroidStudioUpdated/plugins/vcs-git/lib/git4idea-rt.jar;F:/AndroidStudioUpdated/lib/externalProcess-rt.jar
Launcher Type: SUN_STANDARD

[Global flags]
     intx CICompilerCount                          = 4                                         {product} {ergonomic}
     uint ConcGCThreads                            = 2                                         {product} {ergonomic}
     uint G1ConcRefinementThreads                  = 8                                         {product} {ergonomic}
   size_t G1HeapRegionSize                         = 4194304                                   {product} {ergonomic}
    uintx GCDrainStackTargetSize                   = 64                                        {product} {ergonomic}
   size_t InitialHeapSize                          = 402653184                                 {product} {ergonomic}
   size_t MarkStackSize                            = 4194304                                   {product} {ergonomic}
   size_t MaxHeapSize                              = 6404702208                                {product} {ergonomic}
   size_t MinHeapDeltaBytes                        = 4194304                                   {product} {ergonomic}
   size_t MinHeapSize                              = 8388608                                   {product} {ergonomic}
    uintx NonNMethodCodeHeapSize                   = 5839372                                {pd product} {ergonomic}
    uintx NonProfiledCodeHeapSize                  = 122909434                              {pd product} {ergonomic}
    uintx ProfiledCodeHeapSize                     = 122909434                              {pd product} {ergonomic}
    uintx ReservedCodeCacheSize                    = 251658240                              {pd product} {ergonomic}
     bool SegmentedCodeCache                       = true                                      {product} {ergonomic}
   size_t SoftMaxHeapSize                          = 6404702208                             {manageable} {ergonomic}
     bool UseCompressedOops                        = true                           {product lp64_product} {ergonomic}
     bool UseG1GC                                  = true                                      {product} {ergonomic}
     bool UseLargePagesIndividualAllocation        = false                                  {pd product} {ergonomic}

Logging:
Log output configuration:
 #0: stdout all=warning uptime,level,tags foldmultilines=false
 #1: stderr all=off uptime,level,tags foldmultilines=false

Release file:
<release file has not been read>
Environment Variables:
PATH=C:/Program Files/Git/mingw64/libexec/git-core;C:/Program Files/Git/mingw64/libexec/git-core;C:\Program Files\Git\mingw64\bin;C:\Program Files\Git\usr\bin;C:\Users\74791\bin;C:\WINDOWS\system32;C:\WINDOWS;C:\WINDOWS\System32\Wbem;C:\WINDOWS\System32\WindowsPowerShell\v1.0\;C:\WINDOWS\System32\OpenSSH\;C:\Program Files\Microsoft SQL Server\150\Tools\Binn\;C:\Program Files\Microsoft SQL Server\Client SDK\ODBC\170\Tools\Binn\;C:\Program Files\dotnet\;C:\Program Files\Git\cmd;C:\Program Files\nodejs\;C:\Users\74791\AppData\Local\Microsoft\WindowsApps;C:\Users\74791\.dotnet\tools;C:\Users\74791\AppData\Local\Programs\Microsoft VS Code\bin;C:\Users\74791\AppData\Local\GitHubDesktop\bin;F:\AntiGravity\Antigravity IDE\bin;C:\Users\74791\AppData\Roaming\npm
USERNAME=74791
DISPLAY=:0.0
LC_ALL=en_US.UTF-8
TERM=xterm-256color
TMPDIR=C:\Users\74791\AppData\Local\Temp
OS=Windows_NT
PROCESSOR_IDENTIFIER=Intel64 Family 6 Model 142 Stepping 10, GenuineIntel
TMP=C:\Users\74791\AppData\Local\Temp
TEMP=C:\Users\74791\AppData\Local\Temp




Periodic native trim disabled

JNI global refs:
JNI global refs: 0, weak refs: 0

JNI global refs memory usage: 0, weak refs: 0

Process memory usage:
Resident Set Size: 13232K (0% of 25005272K total physical memory with 6490848K free physical memory)

OOME stack traces (most recent first):
Classloader memory used:

---------------  S Y S T E M  ---------------

OS:
 Windows 11 , 64 bit Build 26100 (10.0.26100.8875)
OS uptime: 0 days 23:40 hours
Hyper-V role detected

CPU: total 8 (initial active 8) (4 cores per cpu, 2 threads per core) family 6 model 142 stepping 10 microcode 0xf6, cx8, cmov, fxsr, ht, mmx, 3dnowpref, sse, sse2, sse3, ssse3, sse4.1, sse4.2, popcnt, lzcnt, tsc, tscinvbit, avx, avx2, aes, erms, clmul, bmi1, bmi2, rtm, adx, fma, vzeroupper, clflush, clflushopt, hv, rdtscp, f16c
Processor Information for the first 8 processors :
  Max Mhz: 1896, Current Mhz: 1696, Mhz Limit: 1687

Memory: 4k page, system-wide physical 24419M (6338M free)
TotalPageFile size 24435M (AvailPageFile size 105M)
current process WorkingSet (physical memory assigned to process): 12M, peak: 12M
current process commit charge ("private bytes"): 60M, peak: 444M

vm_info: OpenJDK 64-Bit Server VM (21.0.10+-14961533-b1163.108) for windows-amd64 JRE (21.0.10+-14961533-b1163.108), built on 2026-03-02T19:58:50Z by "builder" with MS VC++ 16.10 / 16.11 (VS2019)

END.
